<?xml version="1.0" encoding="utf-8" ?>
<results>
	<result idSite="1">
		<nb_conversions>2</nb_conversions>
		<nb_visits_converted>2</nb_visits_converted>
		<revenue>10</revenue>
		<conversion_rate>100%</conversion_rate>
	</result>
	<result idSite="2" />
</results>