<?xml version="1.0" encoding="utf-8" ?>
<results>
	<result idSite="1">
		<nb_conversions>14</nb_conversions>
		<nb_visits_converted>10</nb_visits_converted>
		<revenue>50</revenue>
		<conversion_rate>90.91%</conversion_rate>
	</result>
	<result idSite="2">
		<nb_conversions>1</nb_conversions>
		<nb_visits_converted>1</nb_visits_converted>
		<revenue>0</revenue>
		<conversion_rate>100%</conversion_rate>
	</result>
</results>